// Jest Snapshot v1, https://goo.gl/fbAQLP

exports[`getWeather throw error 1`] = `""`;
